%!Adobe-FontList 1.23
%Locale:0x412

%BeginFont
Handler:DirectoryHandler
FontType:Invalid
OutlineFileName:C:\Users\User\Desktop\포폴Hj0707(수정완)\Font\GesturaDisplay\GesturaDisplayTRIAL-Black-BF64b755043ed40.woff
FileModTime:1690468154
%EndFont

%BeginFont
Handler:DirectoryHandler
FontType:Invalid
OutlineFileName:C:\Users\User\Desktop\포폴Hj0707(수정완)\Font\GesturaDisplay\GesturaDisplayTRIAL-BlackItalic-BF64b7550432a4e.woff
FileModTime:1690468154
%EndFont

%BeginFont
Handler:DirectoryHandler
FontType:Invalid
OutlineFileName:C:\Users\User\Desktop\포폴Hj0707(수정완)\Font\GesturaDisplay\GesturaDisplayTRIAL-Bold-BF64b75504296e4.woff
FileModTime:1690468152
%EndFont

%BeginFont
Handler:DirectoryHandler
FontType:Invalid
OutlineFileName:C:\Users\User\Desktop\포폴Hj0707(수정완)\Font\GesturaDisplay\GesturaDisplayTRIAL-BoldItalic-BF64b755041c775.woff
FileModTime:1690468154
%EndFont

%BeginFont
Handler:DirectoryHandler
FontType:Invalid
OutlineFileName:C:\Users\User\Desktop\포폴Hj0707(수정완)\Font\GesturaDisplay\GesturaDisplayTRIAL-Extralight-BF64b755044b041.woff
FileModTime:1690468154
%EndFont

%BeginFont
Handler:DirectoryHandler
FontType:Invalid
OutlineFileName:C:\Users\User\Desktop\포폴Hj0707(수정완)\Font\GesturaDisplay\GesturaDisplayTRIAL-ExtralightItalic-BF64b755043453d.woff
FileModTime:1690468154
%EndFont

%BeginFont
Handler:DirectoryHandler
FontType:Invalid
OutlineFileName:C:\Users\User\Desktop\포폴Hj0707(수정완)\Font\GesturaDisplay\GesturaDisplayTRIAL-Light-BF64b755042b875.woff
FileModTime:1690468152
%EndFont

%BeginFont
Handler:DirectoryHandler
FontType:Invalid
OutlineFileName:C:\Users\User\Desktop\포폴Hj0707(수정완)\Font\GesturaDisplay\GesturaDisplayTRIAL-LightItalic-BF64b755042916b.woff
FileModTime:1690468152
%EndFont

%BeginFont
Handler:DirectoryHandler
FontType:Invalid
OutlineFileName:C:\Users\User\Desktop\포폴Hj0707(수정완)\Font\GesturaDisplay\GesturaDisplayTRIAL-Regular-BF64b755043c4b8.woff
FileModTime:1690468154
%EndFont

%BeginFont
Handler:DirectoryHandler
FontType:Invalid
OutlineFileName:C:\Users\User\Desktop\포폴Hj0707(수정완)\Font\GesturaDisplay\GesturaDisplayTRIAL-RegularItalic-BF64b755044df69.woff
FileModTime:1690468154
%EndFont

%BeginFont
Handler:DirectoryHandler
FontType:Invalid
OutlineFileName:C:\Users\User\Desktop\포폴Hj0707(수정완)\Font\GesturaDisplay\GesturaDisplayTRIAL-Semibold-BF64b755044a586.woff
FileModTime:1690468152
%EndFont

%BeginFont
Handler:DirectoryHandler
FontType:Invalid
OutlineFileName:C:\Users\User\Desktop\포폴Hj0707(수정완)\Font\GesturaDisplay\GesturaDisplayTRIAL-SemiboldItalic-BF64b755022ddfa.woff
FileModTime:1690468154
%EndFont

%BeginFont
Handler:DirectoryHandler
FontType:Invalid
OutlineFileName:C:\Users\User\Desktop\포폴Hj0707(수정완)\Font\GesturaDisplay\GesturaDisplayTRIAL-Thin-BF64b7550452dd6.woff
FileModTime:1690468154
%EndFont

%BeginFont
Handler:DirectoryHandler
FontType:Invalid
OutlineFileName:C:\Users\User\Desktop\포폴Hj0707(수정완)\Font\GesturaDisplay\GesturaDisplayTRIAL-ThinItalic-BF64b755042f49b.woff
FileModTime:1690468154
%EndFont

%BeginFont
Handler:DirectoryHandler
FontType:Invalid
OutlineFileName:C:\Users\User\Desktop\포폴Hj0707(수정완)\Font\GesturaDisplay\GesturaHeadlineTRIAL-Black-BF64b7550440ccc.woff
FileModTime:1690468154
%EndFont

%BeginFont
Handler:DirectoryHandler
FontType:Invalid
OutlineFileName:C:\Users\User\Desktop\포폴Hj0707(수정완)\Font\GesturaDisplay\GesturaHeadlineTRIAL-BlackItalic-BF64b75504325ae.woff
FileModTime:1690468154
%EndFont

%BeginFont
Handler:DirectoryHandler
FontType:Invalid
OutlineFileName:C:\Users\User\Desktop\포폴Hj0707(수정완)\Font\GesturaDisplay\GesturaHeadlineTRIAL-Bold-BF64b7550428366.woff
FileModTime:1690468154
%EndFont

%BeginFont
Handler:DirectoryHandler
FontType:Invalid
OutlineFileName:C:\Users\User\Desktop\포폴Hj0707(수정완)\Font\GesturaDisplay\GesturaHeadlineTRIAL-BoldItalic-BF64b755041811d.woff
FileModTime:1690468154
%EndFont

%BeginFont
Handler:DirectoryHandler
FontType:Invalid
OutlineFileName:C:\Users\User\Desktop\포폴Hj0707(수정완)\Font\GesturaDisplay\GesturaHeadlineTRIAL-Extralight-BF64b7550427082.woff
FileModTime:1690468154
%EndFont

%BeginFont
Handler:DirectoryHandler
FontType:Invalid
OutlineFileName:C:\Users\User\Desktop\포폴Hj0707(수정완)\Font\GesturaDisplay\GesturaHeadlineTRIAL-ExtralightItalic-BF64b7550434f98.woff
FileModTime:1690468156
%EndFont

%BeginFont
Handler:DirectoryHandler
FontType:Invalid
OutlineFileName:C:\Users\User\Desktop\포폴Hj0707(수정완)\Font\GesturaDisplay\GesturaHeadlineTRIAL-Light-BF64b75504226bf.woff
FileModTime:1690468154
%EndFont

%BeginFont
Handler:DirectoryHandler
FontType:Invalid
OutlineFileName:C:\Users\User\Desktop\포폴Hj0707(수정완)\Font\GesturaDisplay\GesturaHeadlineTRIAL-LightItalic-BF64b7550407391.woff
FileModTime:1690468154
%EndFont

%BeginFont
Handler:DirectoryHandler
FontType:Invalid
OutlineFileName:C:\Users\User\Desktop\포폴Hj0707(수정완)\Font\GesturaDisplay\GesturaHeadlineTRIAL-Regular-BF64b755042170c.woff
FileModTime:1690468154
%EndFont

%BeginFont
Handler:DirectoryHandler
FontType:Invalid
OutlineFileName:C:\Users\User\Desktop\포폴Hj0707(수정완)\Font\GesturaDisplay\GesturaHeadlineTRIAL-RegularItalic-BF64b7550426663.woff
FileModTime:1690468154
%EndFont

%BeginFont
Handler:DirectoryHandler
FontType:Invalid
OutlineFileName:C:\Users\User\Desktop\포폴Hj0707(수정완)\Font\GesturaDisplay\GesturaHeadlineTRIAL-Semibold-BF64b755043bff0.woff
FileModTime:1690468156
%EndFont

%BeginFont
Handler:DirectoryHandler
FontType:Invalid
OutlineFileName:C:\Users\User\Desktop\포폴Hj0707(수정완)\Font\GesturaDisplay\GesturaHeadlineTRIAL-SemiboldItalic-BF64b7550427776.woff
FileModTime:1690468152
%EndFont

%BeginFont
Handler:DirectoryHandler
FontType:Invalid
OutlineFileName:C:\Users\User\Desktop\포폴Hj0707(수정완)\Font\GesturaDisplay\GesturaHeadlineTRIAL-Thin-BF64b755043bff6.woff
FileModTime:1690468154
%EndFont

%BeginFont
Handler:DirectoryHandler
FontType:Invalid
OutlineFileName:C:\Users\User\Desktop\포폴Hj0707(수정완)\Font\GesturaDisplay\GesturaHeadlineTRIAL-ThinItalic-BF64b75504593ac.woff
FileModTime:1690468156
%EndFont

%BeginFont
Handler:DirectoryHandler
FontType:Invalid
OutlineFileName:C:\Users\User\Desktop\포폴Hj0707(수정완)\Font\GesturaDisplay\GesturaTextTRIAL-Black-BF64b75504376de.woff
FileModTime:1690468152
%EndFont

%BeginFont
Handler:DirectoryHandler
FontType:Invalid
OutlineFileName:C:\Users\User\Desktop\포폴Hj0707(수정완)\Font\GesturaDisplay\GesturaTextTRIAL-BlackItalic-BF64b75503d8358.woff
FileModTime:1690468152
%EndFont

%BeginFont
Handler:DirectoryHandler
FontType:Invalid
OutlineFileName:C:\Users\User\Desktop\포폴Hj0707(수정완)\Font\GesturaDisplay\GesturaTextTRIAL-Bold-BF64b7550477781.woff
FileModTime:1690468152
%EndFont

%BeginFont
Handler:DirectoryHandler
FontType:Invalid
OutlineFileName:C:\Users\User\Desktop\포폴Hj0707(수정완)\Font\GesturaDisplay\GesturaTextTRIAL-BoldItalic-BF64b7550434095.woff
FileModTime:1690468154
%EndFont

%BeginFont
Handler:DirectoryHandler
FontType:Invalid
OutlineFileName:C:\Users\User\Desktop\포폴Hj0707(수정완)\Font\GesturaDisplay\GesturaTextTRIAL-Extralight-BF64b755042c1b5.woff
FileModTime:1690468154
%EndFont

%BeginFont
Handler:DirectoryHandler
FontType:Invalid
OutlineFileName:C:\Users\User\Desktop\포폴Hj0707(수정완)\Font\GesturaDisplay\GesturaTextTRIAL-ExtralightItalic-BF64b7550415bc0.woff
FileModTime:1690468152
%EndFont

%BeginFont
Handler:DirectoryHandler
FontType:Invalid
OutlineFileName:C:\Users\User\Desktop\포폴Hj0707(수정완)\Font\GesturaDisplay\GesturaTextTRIAL-Light-BF64b755042b8e0.woff
FileModTime:1690468154
%EndFont

%BeginFont
Handler:DirectoryHandler
FontType:Invalid
OutlineFileName:C:\Users\User\Desktop\포폴Hj0707(수정완)\Font\GesturaDisplay\GesturaTextTRIAL-LightItalic-BF64b7550427c70.woff
FileModTime:1690468156
%EndFont

%BeginFont
Handler:DirectoryHandler
FontType:Invalid
OutlineFileName:C:\Users\User\Desktop\포폴Hj0707(수정완)\Font\GesturaDisplay\GesturaTextTRIAL-Regular-BF64b755042cf0f.woff
FileModTime:1690468154
%EndFont

%BeginFont
Handler:DirectoryHandler
FontType:Invalid
OutlineFileName:C:\Users\User\Desktop\포폴Hj0707(수정완)\Font\GesturaDisplay\GesturaTextTRIAL-RegularItalic-BF64b755042f9b6.woff
FileModTime:1690468154
%EndFont

%BeginFont
Handler:DirectoryHandler
FontType:Invalid
OutlineFileName:C:\Users\User\Desktop\포폴Hj0707(수정완)\Font\GesturaDisplay\GesturaTextTRIAL-Semibold-BF64b755043a198.woff
FileModTime:1690468152
%EndFont

%BeginFont
Handler:DirectoryHandler
FontType:Invalid
OutlineFileName:C:\Users\User\Desktop\포폴Hj0707(수정완)\Font\GesturaDisplay\GesturaTextTRIAL-SemiboldItalic-BF64b75503d6e51.woff
FileModTime:1690468154
%EndFont

%BeginFont
Handler:DirectoryHandler
FontType:Invalid
OutlineFileName:C:\Users\User\Desktop\포폴Hj0707(수정완)\Font\GesturaDisplay\GesturaTextTRIAL-Thin-BF64b7550469900.woff
FileModTime:1690468154
%EndFont

%BeginFont
Handler:DirectoryHandler
FontType:Invalid
OutlineFileName:C:\Users\User\Desktop\포폴Hj0707(수정완)\Font\GesturaDisplay\GesturaTextTRIAL-ThinItalic-BF64b7550440e1d.woff
FileModTime:1690468154
%EndFont

%BeginFont
Handler:DirectoryHandler
FontType:Invalid
OutlineFileName:C:\Users\User\Desktop\포폴Hj0707(수정완)\Font\GesturaDisplay\example.html
FileModTime:1718485206
%EndFont

%BeginFont
Handler:DirectoryHandler
FontType:Invalid
OutlineFileName:C:\Users\User\Desktop\포폴Hj0707(수정완)\Font\GesturaDisplay\style.css
FileModTime:1718485206
%EndFont

%BeginFont
Handler:DirectoryHandler
FontType:Type1
FontName:TWKEverett-Black
FamilyName:TWK Everett
StyleName:Black
FullName:TWK Everett Black
MenuName:TWK Everett
StyleBits:0
WritingScript:Roman
OutlineFileName:C:\Users\User\Desktop\포폴Hj0707(수정완)\Font\TWKEverett\TWKEverett-Black.otf
DataFormat:sfntData
UsesStandardEncoding:yes
isCFF:yes
hasSVG:no
VariableFontType:NonVariableFont
FileLength:256964
FileModTime:1676024466
WeightClass:800
WidthClass:5
AngleClass:0
NameArray:0,Mac,18,TWK Everett Black
NameArray:0,Mac,4,TWK Everett Black
NameArray:0,Win,1,TWK Everett
NameArray:0,Win,16,TWK Everett
%EndFont

%BeginFont
Handler:DirectoryHandler
FontType:Type1
FontName:TWKEverett-BlackItalic
FamilyName:TWK Everett
StyleName:Black Italic
FullName:TWK Everett Black Italic
MenuName:TWK Everett
StyleBits:1
WritingScript:Roman
OutlineFileName:C:\Users\User\Desktop\포폴Hj0707(수정완)\Font\TWKEverett\TWKEverett-BlackItalic.otf
DataFormat:sfntData
UsesStandardEncoding:yes
isCFF:yes
hasSVG:no
VariableFontType:NonVariableFont
FileLength:263452
FileModTime:1676024412
WeightClass:800
WidthClass:5
AngleClass:1
NameArray:0,Mac,18,TWK Everett Black Italic
NameArray:0,Mac,4,TWK Everett Black Italic
NameArray:0,Win,1,TWK Everett
NameArray:0,Win,16,TWK Everett
%EndFont

%BeginFont
Handler:DirectoryHandler
FontType:Type1
FontName:TWKEverett-Bold
FamilyName:TWK Everett
StyleName:Bold
FullName:TWK Everett Bold
MenuName:TWK Everett
StyleBits:2
WritingScript:Roman
OutlineFileName:C:\Users\User\Desktop\포폴Hj0707(수정완)\Font\TWKEverett\TWKEverett-Bold.otf
DataFormat:sfntData
UsesStandardEncoding:yes
isCFF:yes
hasSVG:no
VariableFontType:NonVariableFont
FileLength:256040
FileModTime:1676024374
WeightClass:700
WidthClass:5
AngleClass:0
NameArray:0,Mac,18,TWK Everett Bold
NameArray:0,Mac,4,TWK Everett Bold
NameArray:0,Win,1,TWK Everett
NameArray:0,Win,16,TWK Everett
%EndFont

%BeginFont
Handler:DirectoryHandler
FontType:Type1
FontName:TWKEverett-BoldItalic
FamilyName:TWK Everett
StyleName:Bold Italic
FullName:TWK Everett Bold Italic
MenuName:TWK Everett
StyleBits:3
WritingScript:Roman
OutlineFileName:C:\Users\User\Desktop\포폴Hj0707(수정완)\Font\TWKEverett\TWKEverett-BoldItalic.otf
DataFormat:sfntData
UsesStandardEncoding:yes
isCFF:yes
hasSVG:no
VariableFontType:NonVariableFont
FileLength:263208
FileModTime:1676024338
WeightClass:700
WidthClass:5
AngleClass:1
NameArray:0,Mac,18,TWK Everett Bold Italic
NameArray:0,Mac,4,TWK Everett Bold Italic
NameArray:0,Win,1,TWK Everett
NameArray:0,Win,16,TWK Everett
%EndFont

%BeginFont
Handler:DirectoryHandler
FontType:Type1
FontName:TWKEverett-Extrabold
FamilyName:TWK Everett
StyleName:Extrabold
FullName:TWK Everett Extrabold
MenuName:TWK Everett
StyleBits:0
WritingScript:Roman
OutlineFileName:C:\Users\User\Desktop\포폴Hj0707(수정완)\Font\TWKEverett\TWKEverett-Extrabold.otf
DataFormat:sfntData
UsesStandardEncoding:yes
isCFF:yes
hasSVG:no
VariableFontType:NonVariableFont
FileLength:256612
FileModTime:1676024304
WeightClass:750
WidthClass:5
AngleClass:0
NameArray:0,Mac,18,TWK Everett Extrabold
NameArray:0,Mac,4,TWK Everett Extrabold
NameArray:0,Win,1,TWK Everett
NameArray:0,Win,16,TWK Everett
%EndFont

%BeginFont
Handler:DirectoryHandler
FontType:Type1
FontName:TWKEverett-ExtraboldItalic
FamilyName:TWK Everett
StyleName:Extrabold Italic
FullName:TWK Everett Extrabold Italic
MenuName:TWK Everett
StyleBits:1
WritingScript:Roman
OutlineFileName:C:\Users\User\Desktop\포폴Hj0707(수정완)\Font\TWKEverett\TWKEverett-ExtraboldItalic.otf
DataFormat:sfntData
UsesStandardEncoding:yes
isCFF:yes
hasSVG:no
VariableFontType:NonVariableFont
FileLength:262984
FileModTime:1676024244
WeightClass:750
WidthClass:5
AngleClass:1
NameArray:0,Mac,18,TWK Everett Extrabold Italic
NameArray:0,Mac,4,TWK Everett Extrabold Italic
NameArray:0,Win,1,TWK Everett
NameArray:0,Win,16,TWK Everett
%EndFont

%BeginFont
Handler:DirectoryHandler
FontType:Type1
FontName:TWKEverett-Hairline
FamilyName:TWK Everett
StyleName:Hairline
FullName:TWK Everett Hairline
MenuName:TWK Everett
StyleBits:0
WritingScript:Roman
OutlineFileName:C:\Users\User\Desktop\포폴Hj0707(수정완)\Font\TWKEverett\TWKEverett-Hairline.otf
DataFormat:sfntData
UsesStandardEncoding:yes
isCFF:yes
hasSVG:no
VariableFontType:NonVariableFont
FileLength:236092
FileModTime:1676024196
WeightClass:250
WidthClass:5
AngleClass:0
NameArray:0,Mac,18,TWK Everett Hairline
NameArray:0,Mac,4,TWK Everett Hairline
NameArray:0,Win,1,TWK Everett
NameArray:0,Win,16,TWK Everett
%EndFont

%BeginFont
Handler:DirectoryHandler
FontType:Type1
FontName:TWKEverett-HairlineItalic
FamilyName:TWK Everett
StyleName:Hairline Italic
FullName:TWK Everett Hairline Italic
MenuName:TWK Everett
StyleBits:1
WritingScript:Roman
OutlineFileName:C:\Users\User\Desktop\포폴Hj0707(수정완)\Font\TWKEverett\TWKEverett-HairlineItalic.otf
DataFormat:sfntData
UsesStandardEncoding:yes
isCFF:yes
hasSVG:no
VariableFontType:NonVariableFont
FileLength:241072
FileModTime:1676024156
WeightClass:250
WidthClass:5
AngleClass:1
NameArray:0,Mac,18,TWK Everett Hairline Italic
NameArray:0,Mac,4,TWK Everett Hairline Italic
NameArray:0,Win,1,TWK Everett
NameArray:0,Win,16,TWK Everett
%EndFont

%BeginFont
Handler:DirectoryHandler
FontType:Type1
FontName:TWKEverett-Light
FamilyName:TWK Everett
StyleName:Light
FullName:TWK Everett Light
MenuName:TWK Everett
StyleBits:0
WritingScript:Roman
OutlineFileName:C:\Users\User\Desktop\포폴Hj0707(수정완)\Font\TWKEverett\TWKEverett-Light.otf
DataFormat:sfntData
UsesStandardEncoding:yes
isCFF:yes
hasSVG:no
VariableFontType:NonVariableFont
FileLength:241652
FileModTime:1676024098
WeightClass:300
WidthClass:5
AngleClass:0
NameArray:0,Mac,18,TWK Everett Light
NameArray:0,Mac,4,TWK Everett Light
NameArray:0,Win,1,TWK Everett
NameArray:0,Win,16,TWK Everett
%EndFont

%BeginFont
Handler:DirectoryHandler
FontType:Type1
FontName:TWKEverett-LightItalic
FamilyName:TWK Everett
StyleName:Light Italic
FullName:TWK Everett Light Italic
MenuName:TWK Everett
StyleBits:1
WritingScript:Roman
OutlineFileName:C:\Users\User\Desktop\포폴Hj0707(수정완)\Font\TWKEverett\TWKEverett-LightItalic.otf
DataFormat:sfntData
UsesStandardEncoding:yes
isCFF:yes
hasSVG:no
VariableFontType:NonVariableFont
FileLength:246964
FileModTime:1676024058
WeightClass:300
WidthClass:5
AngleClass:1
NameArray:0,Mac,18,TWK Everett Light Italic
NameArray:0,Mac,4,TWK Everett Light Italic
NameArray:0,Win,1,TWK Everett
NameArray:0,Win,16,TWK Everett
%EndFont

%BeginFont
Handler:DirectoryHandler
FontType:Type1
FontName:TWKEverett-Medium
FamilyName:TWK Everett
StyleName:Medium
FullName:TWK Everett Medium
MenuName:TWK Everett
StyleBits:0
WritingScript:Roman
OutlineFileName:C:\Users\User\Desktop\포폴Hj0707(수정완)\Font\TWKEverett\TWKEverett-Medium.otf
DataFormat:sfntData
UsesStandardEncoding:yes
isCFF:yes
hasSVG:no
VariableFontType:NonVariableFont
FileLength:255540
FileModTime:1676024022
WeightClass:500
WidthClass:5
AngleClass:0
NameArray:0,Mac,18,TWK Everett Medium
NameArray:0,Mac,4,TWK Everett Medium
NameArray:0,Win,1,TWK Everett
NameArray:0,Win,16,TWK Everett
%EndFont

%BeginFont
Handler:DirectoryHandler
FontType:Type1
FontName:TWKEverett-MediumItalic
FamilyName:TWK Everett
StyleName:Medium Italic
FullName:TWK Everett Medium Italic
MenuName:TWK Everett
StyleBits:1
WritingScript:Roman
OutlineFileName:C:\Users\User\Desktop\포폴Hj0707(수정완)\Font\TWKEverett\TWKEverett-MediumItalic.otf
DataFormat:sfntData
UsesStandardEncoding:yes
isCFF:yes
hasSVG:no
VariableFontType:NonVariableFont
FileLength:261280
FileModTime:1676023890
WeightClass:500
WidthClass:5
AngleClass:1
NameArray:0,Mac,18,TWK Everett Medium Italic
NameArray:0,Mac,4,TWK Everett Medium Italic
NameArray:0,Win,1,TWK Everett
NameArray:0,Win,16,TWK Everett
%EndFont

%BeginFont
Handler:DirectoryHandler
FontType:Type1
FontName:TWKEverett-Regular
FamilyName:TWK Everett
StyleName:Regular
FullName:TWK Everett Regular
MenuName:TWK Everett
StyleBits:0
WritingScript:Roman
OutlineFileName:C:\Users\User\Desktop\포폴Hj0707(수정완)\Font\TWKEverett\TWKEverett-Regular.otf
DataFormat:sfntData
UsesStandardEncoding:yes
isCFF:yes
hasSVG:no
VariableFontType:NonVariableFont
FileLength:234820
FileModTime:1676023988
WeightClass:400
WidthClass:5
AngleClass:0
NameArray:0,Mac,18,TWK Everett Regular
NameArray:0,Mac,4,TWK Everett Regular
NameArray:0,Win,1,TWK Everett
NameArray:0,Win,16,TWK Everett
%EndFont

%BeginFont
Handler:DirectoryHandler
FontType:Type1
FontName:TWKEverett-RegularItalic
FamilyName:TWK Everett
StyleName:Regular Italic
FullName:TWK Everett Regular Italic
MenuName:TWK Everett
StyleBits:1
WritingScript:Roman
OutlineFileName:C:\Users\User\Desktop\포폴Hj0707(수정완)\Font\TWKEverett\TWKEverett-RegularItalic.otf
DataFormat:sfntData
UsesStandardEncoding:yes
isCFF:yes
hasSVG:no
VariableFontType:NonVariableFont
FileLength:241752
FileModTime:1676023710
WeightClass:400
WidthClass:5
AngleClass:1
NameArray:0,Mac,18,TWK Everett Regular Italic
NameArray:0,Mac,4,TWK Everett Regular Italic
NameArray:0,Win,1,TWK Everett
NameArray:0,Win,16,TWK Everett
%EndFont

%BeginFont
Handler:DirectoryHandler
FontType:Type1
FontName:TWKEverett-Super
FamilyName:TWK Everett
StyleName:Super
FullName:TWK Everett Super
MenuName:TWK Everett
StyleBits:0
WritingScript:Roman
OutlineFileName:C:\Users\User\Desktop\포폴Hj0707(수정완)\Font\TWKEverett\TWKEverett-Super.otf
DataFormat:sfntData
UsesStandardEncoding:yes
isCFF:yes
hasSVG:no
VariableFontType:NonVariableFont
FileLength:248664
FileModTime:1676023664
WeightClass:900
WidthClass:5
AngleClass:0
NameArray:0,Mac,18,TWK Everett Super
NameArray:0,Mac,4,TWK Everett Super
NameArray:0,Win,1,TWK Everett
NameArray:0,Win,16,TWK Everett
%EndFont

%BeginFont
Handler:DirectoryHandler
FontType:Type1
FontName:TWKEverett-SuperItalic
FamilyName:TWK Everett
StyleName:Super Italic
FullName:TWK Everett Super Italic
MenuName:TWK Everett
StyleBits:1
WritingScript:Roman
OutlineFileName:C:\Users\User\Desktop\포폴Hj0707(수정완)\Font\TWKEverett\TWKEverett-SuperItalic.otf
DataFormat:sfntData
UsesStandardEncoding:yes
isCFF:yes
hasSVG:no
VariableFontType:NonVariableFont
FileLength:254552
FileModTime:1676023626
WeightClass:900
WidthClass:5
AngleClass:1
NameArray:0,Mac,18,TWK Everett Super Italic
NameArray:0,Mac,4,TWK Everett Super Italic
NameArray:0,Win,1,TWK Everett
NameArray:0,Win,16,TWK Everett
%EndFont

%BeginFont
Handler:DirectoryHandler
FontType:Type1
FontName:TWKEverett-Thin
FamilyName:TWK Everett
StyleName:Thin
FullName:TWK Everett Thin
MenuName:TWK Everett
StyleBits:0
WritingScript:Roman
OutlineFileName:C:\Users\User\Desktop\포폴Hj0707(수정완)\Font\TWKEverett\TWKEverett-Thin.otf
DataFormat:sfntData
UsesStandardEncoding:yes
isCFF:yes
hasSVG:no
VariableFontType:NonVariableFont
FileLength:243304
FileModTime:1675990332
WeightClass:250
WidthClass:5
AngleClass:0
NameArray:0,Mac,18,TWK Everett Thin
NameArray:0,Mac,4,TWK Everett Thin
NameArray:0,Win,1,TWK Everett
NameArray:0,Win,16,TWK Everett
%EndFont

%BeginFont
Handler:DirectoryHandler
FontType:Type1
FontName:TWKEverett-ThinItalic
FamilyName:TWK Everett
StyleName:Thin Italic
FullName:TWK Everett Thin Italic
MenuName:TWK Everett
StyleBits:1
WritingScript:Roman
OutlineFileName:C:\Users\User\Desktop\포폴Hj0707(수정완)\Font\TWKEverett\TWKEverett-ThinItalic.otf
DataFormat:sfntData
UsesStandardEncoding:yes
isCFF:yes
hasSVG:no
VariableFontType:NonVariableFont
FileLength:248028
FileModTime:1675990216
WeightClass:250
WidthClass:5
AngleClass:1
NameArray:0,Mac,18,TWK Everett Thin Italic
NameArray:0,Mac,4,TWK Everett Thin Italic
NameArray:0,Win,1,TWK Everett
NameArray:0,Win,16,TWK Everett
%EndFont

%BeginFont
Handler:DirectoryHandler
FontType:Type1
FontName:TWKEverett-Ultralight
FamilyName:TWK Everett
StyleName:Ultralight
FullName:TWK Everett Ultralight
MenuName:TWK Everett
StyleBits:0
WritingScript:Roman
OutlineFileName:C:\Users\User\Desktop\포폴Hj0707(수정완)\Font\TWKEverett\TWKEverett-Ultralight.otf
DataFormat:sfntData
UsesStandardEncoding:yes
isCFF:yes
hasSVG:no
VariableFontType:NonVariableFont
FileLength:241836
FileModTime:1675990118
WeightClass:250
WidthClass:5
AngleClass:0
NameArray:0,Mac,18,TWK Everett Ultralight
NameArray:0,Mac,4,TWK Everett Ultralight
NameArray:0,Win,1,TWK Everett
NameArray:0,Win,16,TWK Everett
%EndFont

%BeginFont
Handler:DirectoryHandler
FontType:Type1
FontName:TWKEverett-UltralightItalic
FamilyName:TWK Everett
StyleName:Ultralight Italic
FullName:TWK Everett Ultralight Italic
MenuName:TWK Everett
StyleBits:1
WritingScript:Roman
OutlineFileName:C:\Users\User\Desktop\포폴Hj0707(수정완)\Font\TWKEverett\TWKEverett-UltralightItalic.otf
DataFormat:sfntData
UsesStandardEncoding:yes
isCFF:yes
hasSVG:no
VariableFontType:NonVariableFont
FileLength:247276
FileModTime:1675990040
WeightClass:250
WidthClass:5
AngleClass:1
NameArray:0,Mac,18,TWK Everett Ultralight Italic
NameArray:0,Mac,4,TWK Everett Ultralight Italic
NameArray:0,Win,1,TWK Everett
NameArray:0,Win,16,TWK Everett
%EndFont

